[Level None] 2026-07-27 18:34:23,497 [None] [:None:0] ===== Config file =====
[mcu]
serial = /dev/rpmsg_mcu
restart_method = script
path = /usr/apps/usr/bin/main_klipper_mcu_restart.sh

[mcu nozzle_mcu]
serial = /dev/ttyS3
baud = 230400
restart_method = script
path = /usr/apps/usr/bin/nozzle_klipper_mcu_restart.sh

[mcu leveling_mcu]
serial = /dev/ttyS4
baud = 230400
restart_method = script
path = /usr/apps/usr/bin/leveling_klipper_mcu_restart.sh

[verify_heater extruder]
max_error = 180

[verify_heater heater_bed]
check_gain_time = 120
heating_gain = 1.0
hysteresis = 10

[virtual_sdcard]
path = /usr/data/printer_data/gcodes

[gcode_arcs]
resolution = 1.0

[creality_quick_control]

[creality_power_less]
power_device = /dev/jz_adc_wtg_seq1
flash_device = /dev/mmcblk0p4

[stepper_x]
step_pin = PB10
dir_pin = !PB9
enable_pin = !PB8
microsteps = 16
rotation_distance = 40
endstop_pin = tmc2209_stepper_x:virtual_endstop
position_endstop = 229
position_min = -7
position_max = 229
homing_speed = 30
homing_retract_dist = 0

[tmc2209 stepper_x]
uart_pin = PB11
interpolate = True
run_current = 1.5
hold_current = 1.0
sense_resistor = 0.100
stealthchop_threshold = 0
diag_pin = ^PB12
driver_sgthrs = 74

[stepper_y]
step_pin = PB14
dir_pin = !PB13
enable_pin = !PB17
microsteps = 16
rotation_distance = 40
endstop_pin = tmc2209_stepper_y:virtual_endstop
position_endstop = -1.5
position_min = -1.5
position_max = 225
homing_speed = 30
homing_retract_dist = 0

[tmc2209 stepper_y]
uart_pin = PB15
interpolate = True
run_current = 1.5
hold_current = 1.0
sense_resistor = 0.100
stealthchop_threshold = 0
diag_pin = ^PB16
driver_sgthrs = 73

[stepper_z]
step_pin = PB19
dir_pin = !PB18
enable_pin = !PB17
microsteps = 16
rotation_distance = 8
gear_ratio = 64:20
endstop_pin = probe:z_virtual_endstop
position_max = 255.5
position_min = -5

[tmc2209 stepper_z]
uart_pin = PB20
run_current = 0.8
diag_pin = ^PB21
stealthchop_threshold = 0
sense_resistor = 0.100
driver_sgthrs = 0

[thermistor extruder_thermistor]
temperature1 = 25
resistance1 = 260000
temperature2 = 220
resistance2 = 738
temperature3 = 350
resistance3 = 98

[temperature_sensor chassis]
sensor_type = EPCOS 100K B57560G104F
sensor_pin = PE11
min_temp = -40
max_temp = 85

[temperature_fan main_board]
pin = PA9
tachometer_pin = PA7
sensor_type = EPCOS 100K B57560G104F
sensor_pin = PE10
target_temp = 60.0
min_temp = -40
max_temp = 100
control = watermark

[extruder]
max_extrude_only_distance = 1000.0
max_extrude_cross_section = 80
step_pin = nozzle_mcu:PB5
dir_pin = nozzle_mcu:PB4
enable_pin = !nozzle_mcu:PB2
microsteps = 16
rotation_distance = 6.9
nozzle_diameter = 0.400
filament_diameter = 1.750
heater_pin = nozzle_mcu:PB8
sensor_type = EPCOS 100K B57560G104F
sensor_pin = nozzle_mcu:PA0
pressure_advance = 0.04
pressure_advance_smooth_time = 0.040
control = pid
pid_kp = 25.013
pid_ki = 2.566
pid_kd = 60.966
min_temp = 0
max_temp = 320

[tmc2209 extruder]
uart_pin = nozzle_mcu:PA2
uart_address = 3
run_current = 0.55
sense_resistor = 0.150
stealthchop_threshold = 0
diag_pin = ^PB12

[heater_bed]
heater_pin = PA5
sensor_type = EPCOS 100K B57560G104F
sensor_pin = PE12
control = pid
pid_kp = 10
pid_ki = 5
pid_kd = 10
min_temp = -30
max_temp = 135

[filament_switch_sensor filament_sensor]
pause_on_runout = true
switch_pin = !PD7

[heater_fan hotend_fan]
pin = !nozzle_mcu:PB3
enable_pin = nozzle_mcu:PC14
tachometer_pin = nozzle_mcu:PB1
heater = extruder
heater_temp = 50.0

[fan_generic model_fan]
pin = !nozzle_mcu:PB10
enable_pin = nozzle_mcu:PC15
tachometer_pin = nozzle_mcu:PA15
on_below = 15

[fan_generic side_fan]
pin = PA6
on_below = 38

[fan_generic chassis_fan]
pin = PA10
on_below = 15

[adxl345]
cs_pin = nozzle_mcu:PA4
spi_speed = 5000000
axes_map = x,z,y
spi_bus = spi1

[input_shaper]
shaper_type_y = ei
shaper_freq_y = 69.2
shaper_type_x = ei
shaper_freq_x = 69.2

[resonance_tester]
accel_chip = adxl345
probe_points = 
	110,110,10
min_freq = 20
max_freq = 120
accel_per_hz = 50

[prtouch_v3]
z_offset = 0
speed = 5
samples = 1
samples_result = average
samples_tolerance_retries = 5
samples_tolerance = 0.5
step_swap_pin = !PC6
pres_swap_pin = leveling_mcu:PA8
prth_msg_show = True
pres_cs0_pin = leveling_mcu:PB10, leveling_mcu:PB2
pres_cs1_pin = leveling_mcu:PB1, leveling_mcu:PB0
pres_cs2_pin = leveling_mcu:PA7, leveling_mcu:PA6
pres_cs3_pin = leveling_mcu:PA5, leveling_mcu:PA4
pres_tri_hold = 4500, 10000, 500
prth_tmp_comp = 26,300,0,0.14
enable_not_linear_comp = False
pres_cfg_regs = 60
prth_max_chps = 16
prth_clr_pose = 94,224,30
temp_change_pose = 87,224,3
prth_clr_probe_pos = 94,200
prth_clr_zpre = 2
prth_err_dead = 0.1

[bed_mesh]
speed = 80
mesh_min = 10,10
mesh_max = 210,210
probe_count = 7,7
mesh_pps = 2, 2
fade_start = 5.0
fade_end = 50.0
bicubic_tension = 0.2
algorithm = bicubic
horizontal_move_z = 5
split_delta_z = 0.01
move_check_distance = 5

[display_status]

[printer]
kinematics = corexy
max_velocity = 600
max_accel = 20000
max_z_velocity = 10
square_corner_velocity = 10
max_z_accel = 300
speed_avoid0 = 91,109,110

[performance_monitor]

[pause_resume]

[exclude_object]

[force_move]
enable_force_move = true

[creality_safe_home]
home_xy_position = 110,110
speed = 100
x_hop = 10
y_hop = 10
z_hop = 5
x_wait = 2
y_wait = 2
second_home = True

[gcode_macro CANCEL_PRINT]
rename_existing = CANCEL_PRINT_BASE
gcode = 
	CANCEL_PRINT_BASE

[motor_music]

[gcode_macro_cmd]
safe_xy_position = -6,110
safe_extrude = 4.0
safe_height_pause = 10
safe_height_end = 100
start_with_z_titl = False
start_with_bedmesh_cal = True
x_position_min = -6

[bed_mesh default]
version = 1
points = 
	-0.290000, -0.230000, -0.220000, -0.160000, -0.090000, -0.030000, 0.020000
	-0.140000, -0.140000, -0.110000, -0.060000, -0.010000, 0.020000, 0.060000
	-0.010000, 0.020000, 0.030000, 0.040000, 0.070000, 0.090000, 0.090000
	0.060000, 0.040000, 0.214000, 0.050000, 0.050000, 0.070000, 0.060000
	-0.000000, 0.010000, 0.010000, 0.000000, 0.020000, 0.040000, 0.010000
	-0.070000, -0.070000, -0.100000, -0.080000, -0.070000, 0.048000, -0.080000
	-0.150000, -0.200000, -0.210000, -0.220000, -0.200000, -0.230000, -0.220000
x_count = 7
y_count = 7
mesh_x_pps = 2
mesh_y_pps = 2
algo = bicubic
tension = 0.2
min_x = 10.0
max_x = 209.98
min_y = 10.0
max_y = 209.97999999999996
=======================
Loaded MCU 'leveling_mcu' 109 commands (K1C-2025_V1.0.0.22.20250711S / gcc: (xPack GNU RISC-V Embedded GCC, 64-bit) 8.2.0 binutils: (xPack GNU RISC-V Embedded GCC, 64-bit) 2.32)
MCU 'leveling_mcu' config: ADC_MAX=4095 BUS_PINS_i2c1=PB6,PB7 BUS_PINS_i2c1a=PB8,PB9 BUS_PINS_i2c2=PB10,PB11 BUS_PINS_spi1=PA6,PA7,PA5 BUS_PINS_spi1a=PB4,PB5,PB3 BUS_PINS_spi2=PB14,PB15,PB13 CLOCK_FREQ=144000000 MCU=ch32v203x8 RECEIVE_WINDOW=192 RESERVE_PINS_serial=PA10,PA9 SERIAL_BAUD=230400 STATS_SUMSQ_BASE=256 STEPPER_BOTH_EDGE=1
Configured MCU 'leveling_mcu' (3112 moves)
Loaded MCU 'mcu' 144 commands (K1C-2025_V1.0.0.22.20250711S / gcc: (ga05bdba, 'Ingenic victory0-series (c2xx/x26xx-little), rv32imc-ilp32, Newlib/Newlib-nano') 11.1.0 binutils: (GNU Binutils) 2.38)
MCU 'mcu' config: ADC_MAX=4095 BUS_PINS_i2c1=PB6,PB7 BUS_PINS_i2c1a=PB8,PB9 BUS_PINS_i2c2=PB10,PB11 BUS_PINS_spi1=PA6,PA7,PA5 BUS_PINS_spi1a=PB4,PB5,PB3 BUS_PINS_spi2=PB14,PB15,PB13 CLOCK_FREQ=144000000 MCU=x2600 RECEIVE_WINDOW=192 STATS_SUMSQ_BASE=256 STEPPER_BOTH_EDGE=1
Configured MCU 'mcu' (40950 moves)
Loaded MCU 'nozzle_mcu' 96 commands (K1C-2025_V1.0.0.22.20250711S / gcc: (xPack GNU RISC-V Embedded GCC, 64-bit) 8.2.0 binutils: (xPack GNU RISC-V Embedded GCC, 64-bit) 2.32)
MCU 'nozzle_mcu' config: ADC_MAX=4095 BUS_PINS_i2c1=PB6,PB7 BUS_PINS_i2c1a=PB8,PB9 BUS_PINS_i2c2=PB10,PB11 BUS_PINS_spi1=PA6,PA7,PA5 BUS_PINS_spi1a=PB4,PB5,PB3 BUS_PINS_spi2=PB14,PB15,PB13 CLOCK_FREQ=144000000 MCU=ch32v203x8 RECEIVE_WINDOW=192 RESERVE_PINS_serial=PA10,PA9 SERIAL_BAUD=230400 STATS_SUMSQ_BASE=256 STEPPER_BOTH_EDGE=1
Configured MCU 'nozzle_mcu' (1112 moves)
Args: ['/usr/share/klipper/klippy/klippy.pyc', '/usr/data/printer_data/config/printer.cfg', '-l', '/usr/data/printer_data/logs/klippy.log', '-a', '/tmp/klippy_uds']
Git version: '?'
Branch: ?
Remote: ?
Tracked URL: ?
CPU: 2 core ?
Python: '3.8.2 (default, Oct 24 2024, 12:30:00) \n[GCC 7.2.0]'
webhooks client 1978823224: {'program': 'nexusp', 'version': '0.1.1'}
webhooks client 1999123888: '?'
=============== Log rollover at Mon Jul 27 18:34:23 2026 ===============
[INFO] 2026-07-27 18:34:23,477 [root] [webhooks:process_received:241] webhooks: Received request [b'{"id": 14876672, "method": "info", "params": {}}', b'']
[INFO] 2026-07-27 18:34:41,234 [root] [webhooks:process_received:241] webhooks: Received request [b'{"id": 15064856, "method": "objects/query", "params": {"objects": {"configfile": null}}}', b'']
